// Jest Snapshot v1, https://goo.gl/fbAQLP

exports[`Has inspector issues audit lists the correct description with the associated issue type 1`] = `
Array [
  Object {
    "description": Object {
      "formattedDefault": "A cookie's [\`SameSite\`] attribute was not set or is invalid",
      "i18nId": "lighthouse-core/audits/dobetterweb/has-inspector-issues.js | sameSiteMessage",
      "values": undefined,
    },
    "issueType": "SameSiteCookie",
    "requestUrl": "www.samesitecookies.com",
  },
  Object {
    "description": Object {
      "formattedDefault": "Some resources like images, stylesheets or scripts are being accessed over an insecure \`HTTP\` connection",
      "i18nId": "lighthouse-core/audits/dobetterweb/has-inspector-issues.js | mixedContentMessage",
      "values": undefined,
    },
    "issueType": "MixedContent",
    "requestUrl": "www.mixedcontent.com",
  },
  Object {
    "description": Object {
      "formattedDefault": "A resource was blocked due to not being allowed by a \`Cross-Origin Embedder Policy\`",
      "i18nId": "lighthouse-core/audits/dobetterweb/has-inspector-issues.js | coepResourceBlockedMessage",
      "values": undefined,
    },
    "issueType": "BlockedByResponse",
    "requestUrl": "www.blockedbyresponse.com",
  },
  Object {
    "description": Object {
      "formattedDefault": "An iframe navigation to a document with a \`Cross-Origin Opener Policy\` was blocked",
      "i18nId": "lighthouse-core/audits/dobetterweb/has-inspector-issues.js | coopIframeBlockedMessage",
      "values": undefined,
    },
    "issueType": "BlockedByResponse",
    "requestUrl": "www.blockedbyresponse.com",
  },
  Object {
    "description": Object {
      "formattedDefault": "A frame was blocked due to not being allowed by a \`Cross-Origin Embedder Policy\`",
      "i18nId": "lighthouse-core/audits/dobetterweb/has-inspector-issues.js | coepFrameBlockedMessage",
      "values": undefined,
    },
    "issueType": "BlockedByResponse",
    "requestUrl": "www.blockedbyresponse.com",
  },
  Object {
    "description": Object {
      "formattedDefault": "A resource was blocked due to not being allowed by a \`Cross-Origin Embedder Policy\`",
      "i18nId": "lighthouse-core/audits/dobetterweb/has-inspector-issues.js | coepResourceBlockedMessage",
      "values": undefined,
    },
    "issueType": "BlockedByResponse",
    "requestUrl": "www.blockedbyresponse.com",
  },
  Object {
    "description": Object {
      "formattedDefault": "A resource was blocked due to not being allowed by a \`Cross-Origin Embedder Policy\`",
      "i18nId": "lighthouse-core/audits/dobetterweb/has-inspector-issues.js | coepResourceBlockedMessage",
      "values": undefined,
    },
    "issueType": "BlockedByResponse",
    "requestUrl": "www.blockedbyresponse.com",
  },
  Object {
    "description": Object {
      "formattedDefault": "The page contains ads that use more than 4 megabytes of network bandwidth",
      "i18nId": "lighthouse-core/audits/dobetterweb/has-inspector-issues.js | heavyAdsNetworkLimitMessage",
      "values": undefined,
    },
    "issueType": "HeavyAds",
  },
  Object {
    "description": Object {
      "formattedDefault": "The page contains ads that use the main thread for more than 60 seconds in total",
      "i18nId": "lighthouse-core/audits/dobetterweb/has-inspector-issues.js | heavyAdsCPUTotalLimitMessage",
      "values": undefined,
    },
    "issueType": "HeavyAds",
  },
  Object {
    "description": Object {
      "formattedDefault": "The page contains ads that use the main thread for more than 15 seconds in a 30 second window",
      "i18nId": "lighthouse-core/audits/dobetterweb/has-inspector-issues.js | heavyAdsCPUPeakLimitMessage",
      "values": undefined,
    },
    "issueType": "HeavyAds",
  },
  Object {
    "description": Object {
      "formattedDefault": "The \`Content Security Policy\` of the page blocks inline execution of scripts and stylesheets",
      "i18nId": "lighthouse-core/audits/dobetterweb/has-inspector-issues.js | cspInlineViolationMessage",
      "values": undefined,
    },
    "issueType": "ContentSecurityPolicy",
    "requestUrl": undefined,
  },
  Object {
    "description": Object {
      "formattedDefault": "The \`Content Security Policy\` of the site blocks the use of \`eval\` in JavaScript",
      "i18nId": "lighthouse-core/audits/dobetterweb/has-inspector-issues.js | cspEvalViolationMessage",
      "values": undefined,
    },
    "issueType": "ContentSecurityPolicy",
    "requestUrl": undefined,
  },
  Object {
    "description": Object {
      "formattedDefault": "The \`Content Security Policy\` of the page blocks some resources because their origin is not included in the content security policy header",
      "i18nId": "lighthouse-core/audits/dobetterweb/has-inspector-issues.js | cspUrlViolationMessage",
      "values": undefined,
    },
    "issueType": "ContentSecurityPolicy",
    "requestUrl": undefined,
  },
]
`;
